running...
                         ┌───┐┌───┐┌───┐┌───┐     ┌───┐┌───┐┌───┐     ┌───┐»
q_0: ───────■────────────┤ X ├┤ S ├┤ X ├┤ T ├─────┤ X ├┤ H ├┤ S ├─────┤ X ├»
            │       ┌───┐└─┬─┘└───┘└─┬─┘├───┤┌───┐└─┬─┘├───┤├───┤┌───┐└─┬─┘»
q_1: ───────┼────■──┤ H ├──┼────■────■──┤ S ├┤ H ├──┼──┤ H ├┤ X ├┤ T ├──┼──»
     ┌───┐  │    │  ├───┤  │  ┌─┴─┐┌───┐├───┤├───┤  │  ├───┤└─┬─┘└───┘  │  »
q_2: ┤ S ├──┼────┼──┤ S ├──┼──┤ X ├┤ S ├┤ T ├┤ H ├──┼──┤ T ├──■─────────■──»
     └───┘┌─┴─┐  │  └───┘  │  ├───┤├───┤├───┤├───┤  │  ├───┤┌───┐┌───┐     »
q_3: ─────┤ X ├──┼─────────■──┤ H ├┤ T ├┤ X ├┤ S ├──┼──┤ H ├┤ T ├┤ T ├─────»
          └───┘┌─┴─┐┌───┐┌───┐├───┤└───┘└─┬─┘└───┘  │  ├───┤├───┤├───┤┌───┐»
q_4: ──────────┤ X ├┤ H ├┤ S ├┤ T ├───────■─────────■──┤ H ├┤ S ├┤ S ├┤ S ├»
               └───┘└───┘└───┘└───┘                    └───┘└───┘└───┘└───┘»
«          ┌───┐┌───┐┌───┐     ┌───┐          ┌───┐     ┌───┐┌───┐┌───┐┌───┐»
«q_0: ─────┤ X ├┤ S ├┤ H ├──■──┤ X ├──────────┤ X ├─────┤ X ├┤ S ├┤ H ├┤ T ├»
«     ┌───┐└─┬─┘├───┤├───┤┌─┴─┐└─┬─┘┌───┐┌───┐└─┬─┘┌───┐└─┬─┘└───┘├───┤├───┤»
«q_1: ┤ T ├──┼──┤ T ├┤ H ├┤ X ├──┼──┤ X ├┤ H ├──┼──┤ T ├──┼───────┤ X ├┤ T ├»
«     ├───┤  │  ├───┤├───┤└───┘  │  └─┬─┘└───┘  │  ├───┤  │  ┌───┐└─┬─┘├───┤»
«q_2: ┤ H ├──┼──┤ T ├┤ H ├──■────┼────■─────────■──┤ X ├──┼──┤ X ├──┼──┤ H ├»
«     └───┘  │  ├───┤├───┤┌─┴─┐  │  ┌───┐          └─┬─┘  │  └─┬─┘  │  ├───┤»
«q_3: ───────■──┤ S ├┤ T ├┤ X ├──■──┤ S ├────────────┼────■────■────┼──┤ X ├»
«     ┌───┐┌───┐├───┤├───┤├───┤     └───┘            │              │  └─┬─┘»
«q_4: ┤ T ├┤ T ├┤ T ├┤ H ├┤ T ├──────────────────────■──────────────■────■──»
«     └───┘└───┘└───┘└───┘└───┘                                             »
«               ┌───┐          ┌───┐     ┌───┐                    
«q_0: ──────────┤ X ├───────■──┤ H ├─────┤ X ├───────■────■───────
«               └─┬─┘┌───┐  │  ├───┤     └─┬─┘┌───┐  │    │  ┌───┐
«q_1: ──■────■────┼──┤ X ├──┼──┤ S ├──■────┼──┤ S ├──┼────┼──┤ H ├
«     ┌─┴─┐┌─┴─┐  │  └─┬─┘┌─┴─┐├───┤┌─┴─┐  │  └───┘┌─┴─┐┌─┴─┐└───┘
«q_2: ┤ X ├┤ X ├──┼────┼──┤ X ├┤ H ├┤ X ├──┼───────┤ X ├┤ X ├─────
«     └───┘├───┤  │    │  └───┘└───┘└───┘  │  ┌───┐├───┤└───┘     
«q_3: ──■──┤ H ├──┼────■────■──────────────■──┤ T ├┤ S ├──────────
«     ┌─┴─┐└───┘  │  ┌───┐┌─┴─┐┌───┐┌───┐┌───┐└───┘└───┘          
«q_4: ┤ X ├───────■──┤ S ├┤ X ├┤ T ├┤ H ├┤ H ├────────────────────
«     └───┘          └───┘└───┘└───┘└───┘└───┘                    
OrderedDict([('cx', 31), ('h', 23), ('t', 21), ('s', 19)])
nothing found: trivial solution
Circuit depth:  25
CNOT count:  31
done
